
Allocating common symbols
Common symbol       size              file

sss                 0x50              main.o
zz                  0x8               main.o

Memory Configuration

Name             Origin             Length             Attributes
flash            0x0000000008000000 0x0000000000020000 xr
sram             0x0000000020000000 0x0000000000005000 xrw
*default*        0x0000000000000000 0xffffffffffffffff

Linker script and memory map


.text           0x0000000008000000      0x128
 *(.vectors*)
 .vectors       0x0000000008000000       0x18 startup.o
                0x0000000008000000                vectors
 *(.text*)
 .text          0x0000000008000018       0x80 main.o
                0x0000000008000018                main
 .text          0x0000000008000098       0x90 startup.o
                0x0000000008000098                Bus_Fault_Handler
                0x0000000008000098                H_Fault_Handler
                0x0000000008000098                MM_Fault_Handler
                0x0000000008000098                Default_Handler
                0x0000000008000098                NMI_Handler
                0x00000000080000a4                Rest_handler
                0x0000000008000128                _E_text = .

.glue_7         0x0000000008000128        0x0
 .glue_7        0x0000000008000128        0x0 linker stubs

.glue_7t        0x0000000008000128        0x0
 .glue_7t       0x0000000008000128        0x0 linker stubs

.vfp11_veneer   0x0000000008000128        0x0
 .vfp11_veneer  0x0000000008000128        0x0 linker stubs

.v4_bx          0x0000000008000128        0x0
 .v4_bx         0x0000000008000128        0x0 linker stubs

.iplt           0x0000000008000128        0x0
 .iplt          0x0000000008000128        0x0 main.o

.rel.dyn        0x0000000008000128        0x0
 .rel.iplt      0x0000000008000128        0x0 main.o

.data           0x0000000020000000        0xc load address 0x0000000008000128
                0x0000000020000000                _S_DATA = .
 *(.data*)
 .data          0x0000000020000000        0xc main.o
                0x0000000020000000                var
 .data          0x000000002000000c        0x0 startup.o
                0x000000002000000c                _E_DATA = .

.igot.plt       0x000000002000000c        0x0 load address 0x0000000008000134
 .igot.plt      0x000000002000000c        0x0 main.o

.bss            0x000000002000000c       0x5c load address 0x0000000008000134
                0x000000002000000c                _S_bss = .
 *(.bss*)
 .bss           0x000000002000000c        0x4 main.o
 .bss           0x0000000020000010        0x0 startup.o
                0x0000000020000010                . = ALIGN (0x4)
                0x0000000020000010                _E_bss = .
                0x0000000020000010                . = ALIGN (0x4)
 COMMON         0x0000000020000010       0x58 main.o
                0x0000000020000010                sss
                0x0000000020000060                zz
                0x0000000020001068                . = (. + 0x1000)
                0x0000000020001068                _stack_top = .
LOAD main.o
LOAD startup.o
OUTPUT(learn-in-depth_cortex_m3.elf elf32-littlearm)

.debug_info     0x0000000000000000      0x3a5
 .debug_info    0x0000000000000000      0x214 main.o
 .debug_info    0x0000000000000214      0x191 startup.o

.debug_abbrev   0x0000000000000000      0x1e0
 .debug_abbrev  0x0000000000000000      0x108 main.o
 .debug_abbrev  0x0000000000000108       0xd8 startup.o

.debug_loc      0x0000000000000000       0xb4
 .debug_loc     0x0000000000000000       0x38 main.o
 .debug_loc     0x0000000000000038       0x7c startup.o

.debug_aranges  0x0000000000000000       0x40
 .debug_aranges
                0x0000000000000000       0x20 main.o
 .debug_aranges
                0x0000000000000020       0x20 startup.o

.debug_line     0x0000000000000000      0x260
 .debug_line    0x0000000000000000       0x6c main.o
 .debug_line    0x000000000000006c      0x1f4 startup.o

.debug_str      0x0000000000000000      0x1f4
 .debug_str     0x0000000000000000      0x16a main.o
                                        0x1a7 (size before relaxing)
 .debug_str     0x000000000000016a       0x8a startup.o
                                        0x1c2 (size before relaxing)

.comment        0x0000000000000000       0x7b
 .comment       0x0000000000000000       0x7b main.o
                                         0x7c (size before relaxing)
 .comment       0x000000000000007b       0x7c startup.o

.ARM.attributes
                0x0000000000000000       0x33
 .ARM.attributes
                0x0000000000000000       0x33 main.o
 .ARM.attributes
                0x0000000000000033       0x33 startup.o

.debug_frame    0x0000000000000000       0x7c
 .debug_frame   0x0000000000000000       0x2c main.o
 .debug_frame   0x000000000000002c       0x50 startup.o
